MPLINK 5.09, LINKER
Linker Map File - Created Tue Sep 18 23:22:22 2018

                                 Section Info
                  Section       Type    Address   Location Size(Bytes)
                ---------  ---------  ---------  ---------  ---------
                   .org_0       code   0x000000    program   0x000072



                              Program Memory Usage 
                               Start         End      
                           ---------   ---------      
                            0x000000    0x000038      
            57 out of 1093 program addresses used, program memory utilization is 5%



                              Symbols - Sorted by Name
                     Name    Address   Location    Storage File                     
                ---------  ---------  ---------  --------- ---------                
           EndOfInnerLoop   0x000036    program     static D:\WORK\Povs\lab1.X\main.asm
                EndOfSort   0x000037    program     static D:\WORK\Povs\lab1.X\main.asm
                    LOOP1   0x000005    program     static D:\WORK\Povs\lab1.X\main.asm
                    START   0x000000    program     static D:\WORK\Povs\lab1.X\main.asm
              SortAcsLoop   0x000018    program     static D:\WORK\Povs\lab1.X\main.asm
            SortInnerLoop   0x00001d    program     static D:\WORK\Povs\lab1.X\main.asm
      ValueIsMoreThenVMIN   0x000011    program     static D:\WORK\Povs\lab1.X\main.asm



                              Symbols - Sorted by Address
                     Name    Address   Location    Storage File                     
                ---------  ---------  ---------  --------- ---------                
                    START   0x000000    program     static D:\WORK\Povs\lab1.X\main.asm
                    LOOP1   0x000005    program     static D:\WORK\Povs\lab1.X\main.asm
      ValueIsMoreThenVMIN   0x000011    program     static D:\WORK\Povs\lab1.X\main.asm
              SortAcsLoop   0x000018    program     static D:\WORK\Povs\lab1.X\main.asm
            SortInnerLoop   0x00001d    program     static D:\WORK\Povs\lab1.X\main.asm
           EndOfInnerLoop   0x000036    program     static D:\WORK\Povs\lab1.X\main.asm
                EndOfSort   0x000037    program     static D:\WORK\Povs\lab1.X\main.asm


