MPLINK 5.09, LINKER
Linker Map File - Created Wed Sep 19 01:12:59 2018

                                 Section Info
                  Section       Type    Address   Location Size(Bytes)
                ---------  ---------  ---------  ---------  ---------
                   .org_0       code   0x000000    program   0x000088



                              Program Memory Usage 
                               Start         End      
                           ---------   ---------      
                            0x000000    0x000043      
            68 out of 1093 program addresses used, program memory utilization is 6%



                              Symbols - Sorted by Name
                     Name    Address   Location    Storage File                     
                ---------  ---------  ---------  --------- ---------                
                EndOfSort   0x000042    program     static D:\WORK\Povs\lab1.X\main.asm
                    LOOP1   0x000005    program     static D:\WORK\Povs\lab1.X\main.asm
                    START   0x000000    program     static D:\WORK\Povs\lab1.X\main.asm
              SortAcsLoop   0x00001a    program     static D:\WORK\Povs\lab1.X\main.asm
            SortInnerLoop   0x000024    program     static D:\WORK\Povs\lab1.X\main.asm
      ValueIsMoreThenVMIN   0x000011    program     static D:\WORK\Povs\lab1.X\main.asm



                              Symbols - Sorted by Address
                     Name    Address   Location    Storage File                     
                ---------  ---------  ---------  --------- ---------                
                    START   0x000000    program     static D:\WORK\Povs\lab1.X\main.asm
                    LOOP1   0x000005    program     static D:\WORK\Povs\lab1.X\main.asm
      ValueIsMoreThenVMIN   0x000011    program     static D:\WORK\Povs\lab1.X\main.asm
              SortAcsLoop   0x00001a    program     static D:\WORK\Povs\lab1.X\main.asm
            SortInnerLoop   0x000024    program     static D:\WORK\Povs\lab1.X\main.asm
                EndOfSort   0x000042    program     static D:\WORK\Povs\lab1.X\main.asm


